12:22:28.383 [main] INFO org.springframework.test.context.support.AnnotationConfigContextLoaderUtils -- Could not detect default configuration classes for test class [com.example.nestedvalidation.OrderControllerTest]: OrderControllerTest does not declare any static, non-private, non-final, nested classes annotated with @Configuration.
12:22:28.431 [main] INFO org.springframework.boot.test.context.SpringBootTestContextBootstrapper -- Found @SpringBootConfiguration com.example.nestedvalidation.NestedValidationDebugApplication for test class com.example.nestedvalidation.OrderControllerTest

  .   ____          _            __ _ _
 /\\ / ___'_ __ _ _(_)_ __  __ _ \ \ \ \
( ( )\___ | '_ | '_| | '_ \/ _` | \ \ \ \
 \\/  ___)| |_)| | | | | || (_| |  ) ) ) )
  '  |____| .__|_| |_|_| |_\__, | / / / /
 =========|_|==============|___/=/_/_/_/

 :: Spring Boot ::               (v3.3.12)

2026-08-13T12:22:28.608Z  INFO 16337 --- [           main] c.e.n.OrderControllerTest                : Starting OrderControllerTest using Java 21.0.11 with PID 16337 (started by ubuntu in /home/ubuntu/spring-nested-validation-debug-lab)
2026-08-13T12:22:28.609Z  INFO 16337 --- [           main] c.e.n.OrderControllerTest                : No active profile set, falling back to 1 default profile: "default"
2026-08-13T12:22:29.040Z DEBUG 16337 --- [           main] .m.m.a.ExceptionHandlerExceptionResolver : ControllerAdvice beans: 1 @ExceptionHandler, 1 ResponseBodyAdvice
2026-08-13T12:22:29.061Z  INFO 16337 --- [           main] o.s.b.t.m.w.SpringBootMockServletContext : Initializing Spring TestDispatcherServlet ''
2026-08-13T12:22:29.061Z  INFO 16337 --- [           main] o.s.t.web.servlet.TestDispatcherServlet  : Initializing Servlet ''
2026-08-13T12:22:29.062Z  INFO 16337 --- [           main] o.s.t.web.servlet.TestDispatcherServlet  : Completed initialization in 0 ms
2026-08-13T12:22:29.071Z  INFO 16337 --- [           main] c.e.n.OrderControllerTest                : Started OrderControllerTest in 0.589 seconds (process running for 1.021)
OpenJDK 64-Bit Server VM warning: Sharing is only supported for boot loader classes because bootstrap classpath has been appended
WARNING: A Java agent has been loaded dynamically (/home/ubuntu/.m2/repository/net/bytebuddy/byte-buddy-agent/1.14.19/byte-buddy-agent-1.14.19.jar)
WARNING: If a serviceability tool is in use, please run with -XX:+EnableDynamicAgentLoading to hide this warning
WARNING: If a serviceability tool is not in use, please run with -Djdk.instrument.traceUsage for more information
WARNING: Dynamic loading of agents will be disallowed by default in a future release
2026-08-13T12:22:29.544Z DEBUG 16337 --- [           main] .m.m.a.ExceptionHandlerExceptionResolver : Using @ExceptionHandler com.example.nestedvalidation.api.ValidationExceptionHandler#handle(MethodArgumentNotValidException)
2026-08-13T12:22:29.557Z DEBUG 16337 --- [           main] .m.m.a.ExceptionHandlerExceptionResolver : Resolved [org.springframework.web.bind.MethodArgumentNotValidException: Validation failed for argument [0] in public com.example.nestedvalidation.api.OrderResponse com.example.nestedvalidation.api.OrderController.create(com.example.nestedvalidation.api.CreateOrderRequest): [Field error in object 'createOrderRequest' on field 'shippingAddress.postalCode': rejected value []; codes [NotBlank.createOrderRequest.shippingAddress.postalCode,NotBlank.shippingAddress.postalCode,NotBlank.postalCode,NotBlank.java.lang.String,NotBlank]; arguments [org.springframework.context.support.DefaultMessageSourceResolvable: codes [createOrderRequest.shippingAddress.postalCode,shippingAddress.postalCode]; arguments []; default message [shippingAddress.postalCode]]; default message [must not be blank]] ]
2026-08-13T12:22:29.589Z  INFO 16337 --- [           main] c.e.n.service.OrderService               : Created orderId=order-1, customerId=customer-1, postalCode=100-0001
